smartctl 6.5 2016-05-07 r4318 [x86_64-linux-4.8.8-200.fc24.x86_64] (local build)
Copyright (C) 2002-16, Bruce Allen, Christian Franke, www.smartmontools.org

=== START OF INFORMATION SECTION ===
Vendor:               HGST
Product:              HUS724030ALA640
Revision:             MF8O
User Capacity:        3,000,592,982,016 bytes [3.00 TB]
Logical block size:   512 bytes
Rotation Rate:        7200 rpm
Form Factor:          3.5 inches
Logical Unit id:      0x5000cca22cd3f92d
Serial number:        PN2231P8HDY2YR
Device type:          disk
Local Time is:        Thu Jan 26 12:12:13 2017 +05
SMART support is:     Available - device has SMART capability.
SMART support is:     Enabled
Temperature Warning:  Disabled or Not Supported
Read Cache is:        Enabled
Writeback Cache is:   Enabled

=== START OF READ SMART DATA SECTION ===
SMART Health Status: OK
Current Drive Temperature:     <not available>
Drive Trip Temperature:        0 C

Error Counter logging not supported

Device does not support Self Test logging
Device does not support Background scan results logging
